"blank"				"Communication"
"radio1"			"Radio Messages"
"radio2"			"Group Radio Msgs"
"radio3"			"Report Radio Msgs"
"say"				"Chat message"
"sayteam"			"Team Chat message"
"blank"				"Menu"
"buy" 				"Buy Menu"
"buyammo1"   			"Buy Primary Ammo"
"buyammo2" 			"Buy Secondary Ammo"
"buyequip"			"Buy Equipment Menu"
"chooseteam"	 		"Select Team"
"slot10"			"Menu Item 0"
"slot1"				"Menu Item 1"
"slot2"				"Menu Item 2"
"slot3" 			"Menu Item 3"
"slot4"				"Menu Item 4"
"slot5"				"Menu Item 5"
"slot6"				"Menu Item 6"
"slot7"				"Menu Item 7"
"slot8"				"Menu Item 8"
"slot9"				"Menu Item 9"
"showscores"			"Display scores"
"bot"				"Bot Menu"
"votemenu"			"Vote Menu"
"console"			"Console"
"blank"				"Movement"
"forward"			"Move forward"
"back"				"Move back"
"left"				"Strafe left"
"right"				"Strafe right"
"speed"            		"Walk"
"blank"				"Combat"
"attack"			"Fire"
"attack2"			"Weapon Special Func."
"reload"			"Reload weapon"
"invprev"			"Previous weapon"
"invnext"			"Next weapon"
"lastinv"			"Last used weapon"
"nightvision"			"nightvision on/off"
"drop"	 			"Drop Current Weapon"
"blank"				"Miscellaneous"
"use"				"Use item"
"spray"				"Spray logo"
"snapshot"			"Take screen shot"
"specmode"			"Change spec. mode"
"specplayer"			"Change spec. player"